// Jest Snapshot v1, https://goo.gl/fbAQLP

exports[`Queries Gets all events 1`] = `
Object {
  "events": Array [
    Object {
      "fights": Array [],
      "id": 1,
      "location": "Barcelona",
      "name": "world championship",
    },
  ],
}
`;

exports[`Queries Gets all fights 1`] = `
Object {
  "fights": Array [
    Object {
      "id": 1,
      "method": "fighting",
      "winner": "red",
    },
    Object {
      "id": 2,
      "method": "screaming",
      "winner": "blue",
    },
  ],
}
`;
